
> schedine-tracker-nextjs@0.1.0 build
> next build

   Ôû▓ Next.js 16.0.8 (Turbopack)
   - Environments: .env.local

   Creating an optimized production build ...
 Ô£ô Compiled successfully in 21.4s
   Running TypeScript ...

   We detected TypeScript in your project and reconfigured your tsconfig.json file for you.
   The following suggested values were added to your tsconfig.json. These values can be changed to fit your project's needs:

   	- include was updated to add '.next/dev/types/**/*.ts'

   The following mandatory changes were made to your tsconfig.json:

   	- jsx was set to react-jsx (next.js uses the React automatic runtime)

node.exe : Failed to 
compile.
In C:\Program Files\n
odejs\npm.ps1:29 
car:3
+   & $NODE_EXE 
$NPM_CLI_JS $args
+   ~~~~~~~~~~~~~~~~~
~~~~~~~~~~~~
    + CategoryInfo   
           : NotSpe  
  cified: (Failed    
 to compile.:Stri    
ng) [], RemoteEx    
ception
    + FullyQualified 
   ErrorId : Native  
  CommandError
 

./src/app/api/analyze
/route.ts:33:19
Type error: Property 
'toDataStreamResponse
' does not exist on 
type 'StreamTextResul
t<ToolSet, 
Output<string, 
string>>'. Did you 
mean 'toTextStreamRes
ponse'?

[0m [90m 31 |[39m 
    })[33m;[39m
 [90m 32 |[39m
[31m[1m>[22m[39m
[90m 33 |[39m     
[36mreturn[39m resu
lt[33m.[39mtoDataSt
reamResponse()[33m;
[39m
 [90m    |[39m     
              
[31m[1m^[22m[39m
 [90m 34 |[39m   } 
[36mcatch[39m 
(error) {
 [90m 35 |[39m     
console[33m.[39merr
or([32m'AI Error:'[
39m[33m,[39m 
error)[33m;[39m
 [90m 36 |[39m     
[36mreturn[39m 
[36mnew[39m [33mRe
sponse[39m([32m'Err
or generating analysi
s'[39m[33m,[39m { 
status[33m:[39m 
[35m500[39m 
})[33m;[39m[0m
Next.js build worker 
exited with code: 1 
and signal: null
